SQL> SET ECHO ON
SQL> SET FEEDBACK ON
SQL> SET LINESIZE 100
SQL> SET PAGESIZE 200
SQL> SET SERVEROUTPUT ON
SQL> 
SQL> ALTER TABLE PRODUCT ADD  ORDERS_TOTAL_NUMBER NUMBER(10);

Error starting at line : 8 in command -
ALTER TABLE PRODUCT ADD  ORDERS_TOTAL_NUMBER NUMBER(10)
Error report -
ORA-01430: column being added already exists in table
01430. 00000 -  "column being added already exists in table"
*Cause:    
*Action:
SQL> 
SQL> UPDATE PRODUCT 
  2  SET ORDERS_TOTAL_NUMBER =
  3  (SELECT DISTINCT COUNT(1) FROM ORDER_DETAIL
  4  WHERE product.product_name=order_detail.product_name 
  5  GROUP BY product_name);

77 rows updated.

SQL> 
SQL> CREATE OR REPLACE TRIGGER ORDER_LOG
  2  AFTER UPDATE OR DELETE OR INSERT ON ORDER_DETAIL
  3  BEGIN
  4  IF DELETING THEN
  5  UPDATE PRODUCT 
  6  SET ORDERS_TOTAL_NUMBER=
  7  (SELECT DISTINCT COUNT(1) FROM ORDER_DETAIL
  8  WHERE product.product_name=order_detail.product_name GROUP BY product_name);
  9  dbms_output.put_line('Order total numbers has deleted');
 10  ELSIF UPDATING THEN
 11  UPDATE PRODUCT 
 12  SET ORDERS_TOTAL_NUMBER=
 13  (SELECT DISTINCT COUNT(1) FROM ORDER_DETAIL
 14  WHERE product.product_name=order_detail.product_name GROUP BY product_name);
 15  dbms_output.put_line('Order total numbers has updated');
 16  ELSIF INSERTING THEN
 17  UPDATE PRODUCT 
 18  SET ORDERS_TOTAL_NUMBER=
 19  (SELECT DISTINCT COUNT(1) FROM ORDER_DETAIL
 20  WHERE product.product_name=order_detail.product_name GROUP BY product_name);
 21  dbms_output.put_line('Order total numbers has inserted');
 22  END IF;
 23  END;
 24  /

Trigger ORDER_LOG compiled

SQL> 
SQL> DELETE FROM ORDER_DETAIL WHERE ORDER_ID='310' AND PRODUCT_NAME='Pavlova';
Order total numbers has deleted


1 rows deleted.

SQL> 
SQL> UPDATE ORDER_DETAIL SET QUANTITY = 14 WHERE ORDER_ID='290' AND PRODUCT_NAME='Maxilaku';
Order total numbers has updated


1 row updated.

SQL> 
SQL> INSERT INTO ORDER_DETAIL VALUES(383, 'Gravad lax', 26, 100,0.2);
Order total numbers has inserted


1 row inserted.

SQL> 
SQL> 
SQL> 
SQL> SPOOL OFF
